// Jest Snapshot v1, https://goo.gl/fbAQLP

exports[`lib throws id and temperature validation error 1`] = `"id must be string and temperature must be number"`;
